It is used to test.
